[2026-05-01 20:24:50] Scanning /home/xq/projects/BitCons-AT/outputs for experiment outputs...
==================================================
[2026-05-01 20:24:50] Starting eval for: cifar100_preactresnet18_mart_none_test on GPU 0
Latest seed path : /home/xq/projects/BitCons-AT/outputs/cifar100_preactresnet18_mart_none_test/seed_4243_20260501_122250
[2026-05-01 20:24:50] Finished eval for cifar100_preactresnet18_mart_none_test. Log saved to logs/eval_20260501_202450/cifar100_preactresnet18_mart_none_test_eval.out
==================================================
[2026-05-01 20:24:50] Starting eval for: cifar100_preactresnet18_pgd_at_none_test on GPU 0
Latest seed path : /home/xq/projects/BitCons-AT/outputs/cifar100_preactresnet18_pgd_at_none_test/seed_4243_20260501_104749
[2026-05-01 20:24:51] Finished eval for cifar100_preactresnet18_pgd_at_none_test. Log saved to logs/eval_20260501_202450/cifar100_preactresnet18_pgd_at_none_test_eval.out
==================================================
[2026-05-01 20:24:51] Starting eval for: cifar100_preactresnet18_rpat_none_test on GPU 0
Latest seed path : /home/xq/projects/BitCons-AT/outputs/cifar100_preactresnet18_rpat_none_test/seed_4243_20260501_124750
[2026-05-01 20:24:51] Finished eval for cifar100_preactresnet18_rpat_none_test. Log saved to logs/eval_20260501_202450/cifar100_preactresnet18_rpat_none_test_eval.out
==================================================
[2026-05-01 20:24:51] Starting eval for: cifar100_preactresnet18_trades_none_test on GPU 0
Latest seed path : /home/xq/projects/BitCons-AT/outputs/cifar100_preactresnet18_trades_none_test/seed_4243_20260501_114209
[2026-05-01 20:24:51] Finished eval for cifar100_preactresnet18_trades_none_test. Log saved to logs/eval_20260501_202450/cifar100_preactresnet18_trades_none_test_eval.out
==================================================
[2026-05-01 20:24:51] Starting eval for: cifar100_resnet18_mart_none_test on GPU 0
Latest seed path : /home/xq/projects/BitCons-AT/outputs/cifar100_resnet18_mart_none_test/seed_4243_20260501_000813
[2026-05-01 20:24:51] Finished eval for cifar100_resnet18_mart_none_test. Log saved to logs/eval_20260501_202450/cifar100_resnet18_mart_none_test_eval.out
==================================================
[2026-05-01 20:24:51] Starting eval for: cifar100_resnet18_pgd_at_none_test on GPU 0
Latest seed path : /home/xq/projects/BitCons-AT/outputs/cifar100_resnet18_pgd_at_none_test/seed_4243_20260430_232303
[2026-05-01 20:24:51] Finished eval for cifar100_resnet18_pgd_at_none_test. Log saved to logs/eval_20260501_202450/cifar100_resnet18_pgd_at_none_test_eval.out
==================================================
[2026-05-01 20:24:51] Starting eval for: cifar100_resnet18_rpat_none_test on GPU 0
Latest seed path : /home/xq/projects/BitCons-AT/outputs/cifar100_resnet18_rpat_none_test/seed_4243_20260501_003853
[2026-05-01 20:24:51] Finished eval for cifar100_resnet18_rpat_none_test. Log saved to logs/eval_20260501_202450/cifar100_resnet18_rpat_none_test_eval.out
==================================================
[2026-05-01 20:24:51] Starting eval for: cifar100_resnet18_trades_none_test on GPU 0
Latest seed path : /home/xq/projects/BitCons-AT/outputs/cifar100_resnet18_trades_none_test/seed_4243_20260430_234853
[2026-05-01 20:24:51] Finished eval for cifar100_resnet18_trades_none_test. Log saved to logs/eval_20260501_202450/cifar100_resnet18_trades_none_test_eval.out
==================================================
[2026-05-01 20:24:51] Starting eval for: cifar100_wrn28_10_mart_none_test on GPU 0
Latest seed path : /home/xq/projects/BitCons-AT/outputs/cifar100_wrn28_10_mart_none_test/seed_4243_20260501_015344
[2026-05-01 20:24:51] Finished eval for cifar100_wrn28_10_mart_none_test. Log saved to logs/eval_20260501_202450/cifar100_wrn28_10_mart_none_test_eval.out
==================================================
[2026-05-01 20:24:51] Starting eval for: cifar100_wrn28_10_pgd_at_none_test on GPU 0
Latest seed path : /home/xq/projects/BitCons-AT/outputs/cifar100_wrn28_10_pgd_at_none_test/seed_4243_20260501_012714
[2026-05-01 20:24:51] Finished eval for cifar100_wrn28_10_pgd_at_none_test. Log saved to logs/eval_20260501_202450/cifar100_wrn28_10_pgd_at_none_test_eval.out
==================================================
[2026-05-01 20:24:51] Starting eval for: cifar100_wrn28_10_rpat_none_test on GPU 0
Latest seed path : /home/xq/projects/BitCons-AT/outputs/cifar100_wrn28_10_rpat_none_test/seed_4243_20260501_022244
[2026-05-01 20:24:51] Finished eval for cifar100_wrn28_10_rpat_none_test. Log saved to logs/eval_20260501_202450/cifar100_wrn28_10_rpat_none_test_eval.out
==================================================
[2026-05-01 20:24:51] Starting eval for: cifar100_wrn28_10_trades_none_test on GPU 0
Latest seed path : /home/xq/projects/BitCons-AT/outputs/cifar100_wrn28_10_trades_none_test/seed_4243_20260501_013944
[2026-05-01 20:24:51] Finished eval for cifar100_wrn28_10_trades_none_test. Log saved to logs/eval_20260501_202450/cifar100_wrn28_10_trades_none_test_eval.out
==================================================
[2026-05-01 20:24:51] Starting eval for: cifar100_wrn34_10_mart_none_test on GPU 0
Latest seed path : /home/xq/projects/BitCons-AT/outputs/cifar100_wrn34_10_mart_none_test/seed_4243_20260501_032305
[2026-05-01 20:24:51] Finished eval for cifar100_wrn34_10_mart_none_test. Log saved to logs/eval_20260501_202450/cifar100_wrn34_10_mart_none_test_eval.out
==================================================
[2026-05-01 20:24:51] Starting eval for: cifar100_wrn34_10_pgd_at_none_test on GPU 0
Latest seed path : /home/xq/projects/BitCons-AT/outputs/cifar100_wrn34_10_pgd_at_none_test/seed_4243_20260501_025504
[2026-05-01 20:24:51] Finished eval for cifar100_wrn34_10_pgd_at_none_test. Log saved to logs/eval_20260501_202450/cifar100_wrn34_10_pgd_at_none_test_eval.out
==================================================
[2026-05-01 20:24:51] Starting eval for: cifar100_wrn34_10_rpat_none_test on GPU 0
Latest seed path : /home/xq/projects/BitCons-AT/outputs/cifar100_wrn34_10_rpat_none_test/seed_4243_20260501_045746
[2026-05-01 20:24:51] Finished eval for cifar100_wrn34_10_rpat_none_test. Log saved to logs/eval_20260501_202450/cifar100_wrn34_10_rpat_none_test_eval.out
==================================================
[2026-05-01 20:24:51] Starting eval for: cifar100_wrn34_10_trades_none_test on GPU 0
Latest seed path : /home/xq/projects/BitCons-AT/outputs/cifar100_wrn34_10_trades_none_test/seed_4243_20260501_030444
[2026-05-01 20:24:51] Finished eval for cifar100_wrn34_10_trades_none_test. Log saved to logs/eval_20260501_202450/cifar100_wrn34_10_trades_none_test_eval.out
==================================================
[2026-05-01 20:24:51] Starting eval for: cifar10_preactresnet18_mart_none_test on GPU 0
Latest seed path : /home/xq/projects/BitCons-AT/outputs/cifar10_preactresnet18_mart_none_test/seed_4243_20260430_222602
[2026-05-01 20:24:51] Finished eval for cifar10_preactresnet18_mart_none_test. Log saved to logs/eval_20260501_202450/cifar10_preactresnet18_mart_none_test_eval.out
==================================================
[2026-05-01 20:24:51] Starting eval for: cifar10_preactresnet18_pgd_at_none_test on GPU 0
Latest seed path : /home/xq/projects/BitCons-AT/outputs/cifar10_preactresnet18_pgd_at_none_test/seed_4243_20260430_211652
[2026-05-01 20:24:51] Finished eval for cifar10_preactresnet18_pgd_at_none_test. Log saved to logs/eval_20260501_202450/cifar10_preactresnet18_pgd_at_none_test_eval.out
==================================================
[2026-05-01 20:24:51] Starting eval for: cifar10_preactresnet18_rpat_none_test on GPU 0
Latest seed path : /home/xq/projects/BitCons-AT/outputs/cifar10_preactresnet18_rpat_none_test/seed_4243_20260430_231623
[2026-05-01 20:24:51] Finished eval for cifar10_preactresnet18_rpat_none_test. Log saved to logs/eval_20260501_202450/cifar10_preactresnet18_rpat_none_test_eval.out
==================================================
[2026-05-01 20:24:51] Starting eval for: cifar10_preactresnet18_trades_none_test on GPU 0
Latest seed path : /home/xq/projects/BitCons-AT/outputs/cifar10_preactresnet18_trades_none_test/seed_4243_20260430_220502
[2026-05-01 20:24:51] Finished eval for cifar10_preactresnet18_trades_none_test. Log saved to logs/eval_20260501_202450/cifar10_preactresnet18_trades_none_test_eval.out
==================================================
[2026-05-01 20:24:51] Starting eval for: cifar10_resnet18_mart_none_test on GPU 0
Latest seed path : /home/xq/projects/BitCons-AT/outputs/cifar10_resnet18_mart_none_test/seed_4243_20260430_115548
[2026-05-01 20:24:51] Finished eval for cifar10_resnet18_mart_none_test. Log saved to logs/eval_20260501_202450/cifar10_resnet18_mart_none_test_eval.out
==================================================
[2026-05-01 20:24:51] Starting eval for: cifar10_resnet18_pgd_at_none_test on GPU 0
Latest seed path : /home/xq/projects/BitCons-AT/outputs/cifar10_resnet18_pgd_at_none_test/seed_4243_20260430_115548
[2026-05-01 20:24:51] Finished eval for cifar10_resnet18_pgd_at_none_test. Log saved to logs/eval_20260501_202450/cifar10_resnet18_pgd_at_none_test_eval.out
==================================================
[2026-05-01 20:24:51] Starting eval for: cifar10_resnet18_rpat_none_test on GPU 0
Latest seed path : /home/xq/projects/BitCons-AT/outputs/cifar10_resnet18_rpat_none_test/seed_4243_20260430_115548
[2026-05-01 20:24:51] Finished eval for cifar10_resnet18_rpat_none_test. Log saved to logs/eval_20260501_202450/cifar10_resnet18_rpat_none_test_eval.out
==================================================
[2026-05-01 20:24:51] Starting eval for: cifar10_resnet18_trades_none_test on GPU 0
Latest seed path : /home/xq/projects/BitCons-AT/outputs/cifar10_resnet18_trades_none_test/seed_4243_20260430_115548
[2026-05-01 20:24:51] Finished eval for cifar10_resnet18_trades_none_test. Log saved to logs/eval_20260501_202450/cifar10_resnet18_trades_none_test_eval.out
==================================================
[2026-05-01 20:24:51] Starting eval for: cifar10_wrn28_10_mart_none_test on GPU 0
Latest seed path : /home/xq/projects/BitCons-AT/outputs/cifar10_wrn28_10_mart_none_test/seed_4243_20260430_115548
[2026-05-01 20:24:51] Finished eval for cifar10_wrn28_10_mart_none_test. Log saved to logs/eval_20260501_202450/cifar10_wrn28_10_mart_none_test_eval.out
==================================================
[2026-05-01 20:24:51] Starting eval for: cifar10_wrn28_10_pgd_at_none_test on GPU 0
Latest seed path : /home/xq/projects/BitCons-AT/outputs/cifar10_wrn28_10_pgd_at_none_test/seed_4243_20260430_115548
[2026-05-01 20:24:51] Finished eval for cifar10_wrn28_10_pgd_at_none_test. Log saved to logs/eval_20260501_202450/cifar10_wrn28_10_pgd_at_none_test_eval.out
==================================================
[2026-05-01 20:24:51] Starting eval for: cifar10_wrn28_10_rpat_none_test on GPU 0
Latest seed path : /home/xq/projects/BitCons-AT/outputs/cifar10_wrn28_10_rpat_none_test/seed_4243_20260430_115548
[2026-05-01 20:24:51] Finished eval for cifar10_wrn28_10_rpat_none_test. Log saved to logs/eval_20260501_202450/cifar10_wrn28_10_rpat_none_test_eval.out
==================================================
[2026-05-01 20:24:51] Starting eval for: cifar10_wrn28_10_trades_none_test on GPU 0
Latest seed path : /home/xq/projects/BitCons-AT/outputs/cifar10_wrn28_10_trades_none_test/seed_4243_20260430_115548
[2026-05-01 20:24:52] Finished eval for cifar10_wrn28_10_trades_none_test. Log saved to logs/eval_20260501_202450/cifar10_wrn28_10_trades_none_test_eval.out
==================================================
[2026-05-01 20:24:52] Starting eval for: cifar10_wrn34_10_mart_none_test on GPU 0
Latest seed path : /home/xq/projects/BitCons-AT/outputs/cifar10_wrn34_10_mart_none_test/seed_4243_20260430_141518
[2026-05-01 20:24:52] Finished eval for cifar10_wrn34_10_mart_none_test. Log saved to logs/eval_20260501_202450/cifar10_wrn34_10_mart_none_test_eval.out
==================================================
[2026-05-01 20:24:52] Starting eval for: cifar10_wrn34_10_pgd_at_none_test on GPU 0
Latest seed path : /home/xq/projects/BitCons-AT/outputs/cifar10_wrn34_10_pgd_at_none_test/seed_4243_20260430_120037
[2026-05-01 20:24:52] Finished eval for cifar10_wrn34_10_pgd_at_none_test. Log saved to logs/eval_20260501_202450/cifar10_wrn34_10_pgd_at_none_test_eval.out
==================================================
[2026-05-01 20:24:52] Starting eval for: cifar10_wrn34_10_rpat_none_test on GPU 0
Latest seed path : /home/xq/projects/BitCons-AT/outputs/cifar10_wrn34_10_rpat_none_test/seed_4243_20260430_143818
[2026-05-01 20:24:52] Finished eval for cifar10_wrn34_10_rpat_none_test. Log saved to logs/eval_20260501_202450/cifar10_wrn34_10_rpat_none_test_eval.out
==================================================
[2026-05-01 20:24:52] Starting eval for: cifar10_wrn34_10_trades_none_test on GPU 0
Latest seed path : /home/xq/projects/BitCons-AT/outputs/cifar10_wrn34_10_trades_none_test/seed_4243_20260430_140408
[2026-05-01 20:24:52] Finished eval for cifar10_wrn34_10_trades_none_test. Log saved to logs/eval_20260501_202450/cifar10_wrn34_10_trades_none_test_eval.out
==================================================
[2026-05-01 20:24:52] All queued evaluation tasks have been completed.
[2026-05-01 20:28:33] Scanning /home/xq/projects/BitCons-AT/outputs for experiment outputs...
==================================================
[2026-05-01 20:28:33] Starting eval for: cifar100_preactresnet18_mart_none_test on GPU 0
Latest seed path : /home/xq/projects/BitCons-AT/outputs/cifar100_preactresnet18_mart_none_test/seed_4243_20260501_122250
==================================================
[2026-05-01 20:28:33] Starting eval for: cifar100_preactresnet18_pgd_at_none_test on GPU 1
Latest seed path : /home/xq/projects/BitCons-AT/outputs/cifar100_preactresnet18_pgd_at_none_test/seed_4243_20260501_104749
==================================================
[2026-05-01 20:28:33] Starting eval for: cifar100_preactresnet18_rpat_none_test on GPU 2
Latest seed path : /home/xq/projects/BitCons-AT/outputs/cifar100_preactresnet18_rpat_none_test/seed_4243_20260501_124750
==================================================
[2026-05-01 20:28:33] Starting eval for: cifar100_preactresnet18_trades_none_test on GPU 3
Latest seed path : /home/xq/projects/BitCons-AT/outputs/cifar100_preactresnet18_trades_none_test/seed_4243_20260501_114209
==================================================
[2026-05-01 20:28:33] Starting eval for: cifar100_resnet18_mart_none_test on GPU 4
Latest seed path : /home/xq/projects/BitCons-AT/outputs/cifar100_resnet18_mart_none_test/seed_4243_20260501_000813
==================================================
[2026-05-01 20:28:33] Starting eval for: cifar100_resnet18_pgd_at_none_test on GPU 5
Latest seed path : /home/xq/projects/BitCons-AT/outputs/cifar100_resnet18_pgd_at_none_test/seed_4243_20260430_232303
==================================================
[2026-05-01 20:28:33] Starting eval for: cifar100_resnet18_rpat_none_test on GPU 6
Latest seed path : /home/xq/projects/BitCons-AT/outputs/cifar100_resnet18_rpat_none_test/seed_4243_20260501_003853
==================================================
[2026-05-01 20:28:33] Starting eval for: cifar100_resnet18_trades_none_test on GPU 7
Latest seed path : /home/xq/projects/BitCons-AT/outputs/cifar100_resnet18_trades_none_test/seed_4243_20260430_234853
[2026-05-01 20:28:33] Finished eval for cifar100_preactresnet18_mart_none_test. Log saved to logs/eval_20260501_202833/cifar100_preactresnet18_mart_none_test_eval.out
[2026-05-01 20:28:33] Finished eval for cifar100_preactresnet18_pgd_at_none_test. Log saved to logs/eval_20260501_202833/cifar100_preactresnet18_pgd_at_none_test_eval.out
[2026-05-01 20:28:33] Finished eval for cifar100_preactresnet18_rpat_none_test. Log saved to logs/eval_20260501_202833/cifar100_preactresnet18_rpat_none_test_eval.out
[2026-05-01 20:28:33] Finished eval for cifar100_preactresnet18_trades_none_test. Log saved to logs/eval_20260501_202833/cifar100_preactresnet18_trades_none_test_eval.out
[2026-05-01 20:28:33] Finished eval for cifar100_resnet18_mart_none_test. Log saved to logs/eval_20260501_202833/cifar100_resnet18_mart_none_test_eval.out
[2026-05-01 20:28:33] Finished eval for cifar100_resnet18_pgd_at_none_test. Log saved to logs/eval_20260501_202833/cifar100_resnet18_pgd_at_none_test_eval.out
[2026-05-01 20:28:33] Finished eval for cifar100_resnet18_rpat_none_test. Log saved to logs/eval_20260501_202833/cifar100_resnet18_rpat_none_test_eval.out
[2026-05-01 20:28:33] Finished eval for cifar100_resnet18_trades_none_test. Log saved to logs/eval_20260501_202833/cifar100_resnet18_trades_none_test_eval.out
==================================================
[2026-05-01 20:28:38] Starting eval for: cifar100_wrn28_10_mart_none_test on GPU 0
Latest seed path : /home/xq/projects/BitCons-AT/outputs/cifar100_wrn28_10_mart_none_test/seed_4243_20260501_015344
==================================================
[2026-05-01 20:28:38] Starting eval for: cifar100_wrn28_10_pgd_at_none_test on GPU 1
Latest seed path : /home/xq/projects/BitCons-AT/outputs/cifar100_wrn28_10_pgd_at_none_test/seed_4243_20260501_012714
==================================================
[2026-05-01 20:28:38] Starting eval for: cifar100_wrn28_10_rpat_none_test on GPU 2
Latest seed path : /home/xq/projects/BitCons-AT/outputs/cifar100_wrn28_10_rpat_none_test/seed_4243_20260501_022244
==================================================
[2026-05-01 20:28:38] Starting eval for: cifar100_wrn28_10_trades_none_test on GPU 3
Latest seed path : /home/xq/projects/BitCons-AT/outputs/cifar100_wrn28_10_trades_none_test/seed_4243_20260501_013944
==================================================
[2026-05-01 20:28:38] Starting eval for: cifar100_wrn34_10_mart_none_test on GPU 4
==================================================
Latest seed path : /home/xq/projects/BitCons-AT/outputs/cifar100_wrn34_10_mart_none_test/seed_4243_20260501_032305
[2026-05-01 20:28:38] Starting eval for: cifar100_wrn34_10_pgd_at_none_test on GPU 5
Latest seed path : /home/xq/projects/BitCons-AT/outputs/cifar100_wrn34_10_pgd_at_none_test/seed_4243_20260501_025504
==================================================
[2026-05-01 20:28:38] Starting eval for: cifar100_wrn34_10_rpat_none_test on GPU 6
Latest seed path : /home/xq/projects/BitCons-AT/outputs/cifar100_wrn34_10_rpat_none_test/seed_4243_20260501_045746
==================================================
[2026-05-01 20:28:38] Starting eval for: cifar100_wrn34_10_trades_none_test on GPU 7
Latest seed path : /home/xq/projects/BitCons-AT/outputs/cifar100_wrn34_10_trades_none_test/seed_4243_20260501_030444
[2026-05-01 20:28:38] Finished eval for cifar100_wrn28_10_mart_none_test. Log saved to logs/eval_20260501_202833/cifar100_wrn28_10_mart_none_test_eval.out
[2026-05-01 20:28:38] Finished eval for cifar100_wrn28_10_pgd_at_none_test. Log saved to logs/eval_20260501_202833/cifar100_wrn28_10_pgd_at_none_test_eval.out
[2026-05-01 20:28:38] Finished eval for cifar100_wrn28_10_rpat_none_test. Log saved to logs/eval_20260501_202833/cifar100_wrn28_10_rpat_none_test_eval.out
[2026-05-01 20:28:38] Finished eval for cifar100_wrn28_10_trades_none_test. Log saved to logs/eval_20260501_202833/cifar100_wrn28_10_trades_none_test_eval.out
[2026-05-01 20:28:38] Finished eval for cifar100_wrn34_10_mart_none_test. Log saved to logs/eval_20260501_202833/cifar100_wrn34_10_mart_none_test_eval.out
[2026-05-01 20:28:38] Finished eval for cifar100_wrn34_10_pgd_at_none_test. Log saved to logs/eval_20260501_202833/cifar100_wrn34_10_pgd_at_none_test_eval.out
[2026-05-01 20:28:38] Finished eval for cifar100_wrn34_10_rpat_none_test. Log saved to logs/eval_20260501_202833/cifar100_wrn34_10_rpat_none_test_eval.out
[2026-05-01 20:28:38] Finished eval for cifar100_wrn34_10_trades_none_test. Log saved to logs/eval_20260501_202833/cifar100_wrn34_10_trades_none_test_eval.out
==================================================
[2026-05-01 20:28:43] Starting eval for: cifar10_preactresnet18_mart_none_test on GPU 0
Latest seed path : /home/xq/projects/BitCons-AT/outputs/cifar10_preactresnet18_mart_none_test/seed_4243_20260430_222602
==================================================
[2026-05-01 20:28:43] Starting eval for: cifar10_preactresnet18_pgd_at_none_test on GPU 1
Latest seed path : /home/xq/projects/BitCons-AT/outputs/cifar10_preactresnet18_pgd_at_none_test/seed_4243_20260430_211652
==================================================
[2026-05-01 20:28:43] Starting eval for: cifar10_preactresnet18_rpat_none_test on GPU 2
Latest seed path : /home/xq/projects/BitCons-AT/outputs/cifar10_preactresnet18_rpat_none_test/seed_4243_20260430_231623
==================================================
[2026-05-01 20:28:43] Starting eval for: cifar10_preactresnet18_trades_none_test on GPU 3
Latest seed path : /home/xq/projects/BitCons-AT/outputs/cifar10_preactresnet18_trades_none_test/seed_4243_20260430_220502
==================================================
[2026-05-01 20:28:43] Starting eval for: cifar10_resnet18_mart_none_test on GPU 4
Latest seed path : /home/xq/projects/BitCons-AT/outputs/cifar10_resnet18_mart_none_test/seed_4243_20260430_115548
==================================================
[2026-05-01 20:28:43] Starting eval for: cifar10_resnet18_pgd_at_none_test on GPU 5
Latest seed path : /home/xq/projects/BitCons-AT/outputs/cifar10_resnet18_pgd_at_none_test/seed_4243_20260430_115548
==================================================
[2026-05-01 20:28:43] Starting eval for: cifar10_resnet18_rpat_none_test on GPU 6
Latest seed path : /home/xq/projects/BitCons-AT/outputs/cifar10_resnet18_rpat_none_test/seed_4243_20260430_115548
==================================================
[2026-05-01 20:28:43] Starting eval for: cifar10_resnet18_trades_none_test on GPU 7
Latest seed path : /home/xq/projects/BitCons-AT/outputs/cifar10_resnet18_trades_none_test/seed_4243_20260430_115548
[2026-05-01 20:28:43] Finished eval for cifar10_preactresnet18_mart_none_test. Log saved to logs/eval_20260501_202833/cifar10_preactresnet18_mart_none_test_eval.out
[2026-05-01 20:28:43] Finished eval for cifar10_preactresnet18_pgd_at_none_test. Log saved to logs/eval_20260501_202833/cifar10_preactresnet18_pgd_at_none_test_eval.out
[2026-05-01 20:28:43] Finished eval for cifar10_preactresnet18_rpat_none_test. Log saved to logs/eval_20260501_202833/cifar10_preactresnet18_rpat_none_test_eval.out
[2026-05-01 20:28:43] Finished eval for cifar10_preactresnet18_trades_none_test. Log saved to logs/eval_20260501_202833/cifar10_preactresnet18_trades_none_test_eval.out
[2026-05-01 20:28:43] Finished eval for cifar10_resnet18_mart_none_test. Log saved to logs/eval_20260501_202833/cifar10_resnet18_mart_none_test_eval.out
[2026-05-01 20:28:43] Finished eval for cifar10_resnet18_pgd_at_none_test. Log saved to logs/eval_20260501_202833/cifar10_resnet18_pgd_at_none_test_eval.out
[2026-05-01 20:28:43] Finished eval for cifar10_resnet18_rpat_none_test. Log saved to logs/eval_20260501_202833/cifar10_resnet18_rpat_none_test_eval.out
[2026-05-01 20:28:43] Finished eval for cifar10_resnet18_trades_none_test. Log saved to logs/eval_20260501_202833/cifar10_resnet18_trades_none_test_eval.out
==================================================
[2026-05-01 20:28:48] Starting eval for: cifar10_wrn28_10_mart_none_test on GPU 0
Latest seed path : /home/xq/projects/BitCons-AT/outputs/cifar10_wrn28_10_mart_none_test/seed_4243_20260430_115548
==================================================
[2026-05-01 20:28:48] Starting eval for: cifar10_wrn28_10_pgd_at_none_test on GPU 1
Latest seed path : /home/xq/projects/BitCons-AT/outputs/cifar10_wrn28_10_pgd_at_none_test/seed_4243_20260430_115548
==================================================
[2026-05-01 20:28:48] Starting eval for: cifar10_wrn28_10_rpat_none_test on GPU 2
Latest seed path : /home/xq/projects/BitCons-AT/outputs/cifar10_wrn28_10_rpat_none_test/seed_4243_20260430_115548
==================================================
[2026-05-01 20:28:48] Starting eval for: cifar10_wrn28_10_trades_none_test on GPU 3
Latest seed path : /home/xq/projects/BitCons-AT/outputs/cifar10_wrn28_10_trades_none_test/seed_4243_20260430_115548
==================================================
[2026-05-01 20:28:48] Starting eval for: cifar10_wrn34_10_mart_none_test on GPU 4
Latest seed path : /home/xq/projects/BitCons-AT/outputs/cifar10_wrn34_10_mart_none_test/seed_4243_20260430_141518
==================================================
[2026-05-01 20:28:48] Starting eval for: cifar10_wrn34_10_pgd_at_none_test on GPU 5
Latest seed path : /home/xq/projects/BitCons-AT/outputs/cifar10_wrn34_10_pgd_at_none_test/seed_4243_20260430_120037
==================================================
[2026-05-01 20:28:48] Starting eval for: cifar10_wrn34_10_rpat_none_test on GPU 6
Latest seed path : /home/xq/projects/BitCons-AT/outputs/cifar10_wrn34_10_rpat_none_test/seed_4243_20260430_143818
==================================================
[2026-05-01 20:28:48] 所有任务已分配完毕，等待后台任务执行结束...
[2026-05-01 20:28:48] Starting eval for: cifar10_wrn34_10_trades_none_test on GPU 7
Latest seed path : /home/xq/projects/BitCons-AT/outputs/cifar10_wrn34_10_trades_none_test/seed_4243_20260430_140408
[2026-05-01 20:28:48] Finished eval for cifar10_wrn28_10_mart_none_test. Log saved to logs/eval_20260501_202833/cifar10_wrn28_10_mart_none_test_eval.out
[2026-05-01 20:28:48] Finished eval for cifar10_wrn28_10_pgd_at_none_test. Log saved to logs/eval_20260501_202833/cifar10_wrn28_10_pgd_at_none_test_eval.out
[2026-05-01 20:28:48] Finished eval for cifar10_wrn28_10_rpat_none_test. Log saved to logs/eval_20260501_202833/cifar10_wrn28_10_rpat_none_test_eval.out
[2026-05-01 20:28:48] Finished eval for cifar10_wrn28_10_trades_none_test. Log saved to logs/eval_20260501_202833/cifar10_wrn28_10_trades_none_test_eval.out
[2026-05-01 20:28:48] Finished eval for cifar10_wrn34_10_mart_none_test. Log saved to logs/eval_20260501_202833/cifar10_wrn34_10_mart_none_test_eval.out
[2026-05-01 20:28:48] Finished eval for cifar10_wrn34_10_pgd_at_none_test. Log saved to logs/eval_20260501_202833/cifar10_wrn34_10_pgd_at_none_test_eval.out
[2026-05-01 20:28:48] Finished eval for cifar10_wrn34_10_rpat_none_test. Log saved to logs/eval_20260501_202833/cifar10_wrn34_10_rpat_none_test_eval.out
[2026-05-01 20:28:48] Finished eval for cifar10_wrn34_10_trades_none_test. Log saved to logs/eval_20260501_202833/cifar10_wrn34_10_trades_none_test_eval.out
==================================================
[2026-05-01 20:28:48] All queued evaluation tasks have been completed.
[2026-05-01 20:29:56] Scanning /home/xq/projects/BitCons-AT/outputs for experiment outputs...
==================================================
[2026-05-01 20:29:56] Starting eval for: cifar100_preactresnet18_mart_none_test on GPU 0
Latest seed path : /home/xq/projects/BitCons-AT/outputs/cifar100_preactresnet18_mart_none_test/seed_4243_20260501_122250
==================================================
[2026-05-01 20:29:56] Starting eval for: cifar100_preactresnet18_pgd_at_none_test on GPU 1
Latest seed path : /home/xq/projects/BitCons-AT/outputs/cifar100_preactresnet18_pgd_at_none_test/seed_4243_20260501_104749
==================================================
[2026-05-01 20:29:56] Starting eval for: cifar100_preactresnet18_rpat_none_test on GPU 2
Latest seed path : /home/xq/projects/BitCons-AT/outputs/cifar100_preactresnet18_rpat_none_test/seed_4243_20260501_124750
==================================================
[2026-05-01 20:29:56] Starting eval for: cifar100_preactresnet18_trades_none_test on GPU 3
==================================================
Latest seed path : /home/xq/projects/BitCons-AT/outputs/cifar100_preactresnet18_trades_none_test/seed_4243_20260501_114209
[2026-05-01 20:29:56] Starting eval for: cifar100_resnet18_mart_none_test on GPU 4
Latest seed path : /home/xq/projects/BitCons-AT/outputs/cifar100_resnet18_mart_none_test/seed_4243_20260501_000813
==================================================
[2026-05-01 20:29:56] Starting eval for: cifar100_resnet18_pgd_at_none_test on GPU 5
Latest seed path : /home/xq/projects/BitCons-AT/outputs/cifar100_resnet18_pgd_at_none_test/seed_4243_20260430_232303
==================================================
[2026-05-01 20:29:56] Starting eval for: cifar100_resnet18_rpat_none_test on GPU 6
Latest seed path : /home/xq/projects/BitCons-AT/outputs/cifar100_resnet18_rpat_none_test/seed_4243_20260501_003853
==================================================
[2026-05-01 20:29:56] Starting eval for: cifar100_resnet18_trades_none_test on GPU 7
Latest seed path : /home/xq/projects/BitCons-AT/outputs/cifar100_resnet18_trades_none_test/seed_4243_20260430_234853
[2026-05-01 20:31:05] Finished eval for cifar100_preactresnet18_pgd_at_none_test. Log saved to logs/eval_20260501_202956/cifar100_preactresnet18_pgd_at_none_test_eval.out
[2026-05-01 20:31:05] Finished eval for cifar100_preactresnet18_rpat_none_test. Log saved to logs/eval_20260501_202956/cifar100_preactresnet18_rpat_none_test_eval.out
[2026-05-01 20:31:05] Finished eval for cifar100_resnet18_mart_none_test. Log saved to logs/eval_20260501_202956/cifar100_resnet18_mart_none_test_eval.out
==================================================
[2026-05-01 20:31:06] Starting eval for: cifar100_wrn28_10_mart_none_test on GPU 1
Latest seed path : /home/xq/projects/BitCons-AT/outputs/cifar100_wrn28_10_mart_none_test/seed_4243_20260501_015344
==================================================
[2026-05-01 20:31:06] Starting eval for: cifar100_wrn28_10_pgd_at_none_test on GPU 2
Latest seed path : /home/xq/projects/BitCons-AT/outputs/cifar100_wrn28_10_pgd_at_none_test/seed_4243_20260501_012714
==================================================
[2026-05-01 20:31:06] Starting eval for: cifar100_wrn28_10_rpat_none_test on GPU 4
Latest seed path : /home/xq/projects/BitCons-AT/outputs/cifar100_wrn28_10_rpat_none_test/seed_4243_20260501_022244
[2026-05-01 20:33:06] Finished eval for cifar100_preactresnet18_mart_none_test. Log saved to logs/eval_20260501_202956/cifar100_preactresnet18_mart_none_test_eval.out
==================================================
[2026-05-01 20:33:11] Starting eval for: cifar100_wrn28_10_trades_none_test on GPU 0
Latest seed path : /home/xq/projects/BitCons-AT/outputs/cifar100_wrn28_10_trades_none_test/seed_4243_20260501_013944
[2026-05-01 20:33:18] Finished eval for cifar100_resnet18_rpat_none_test. Log saved to logs/eval_20260501_202956/cifar100_resnet18_rpat_none_test_eval.out
[2026-05-01 20:33:19] Finished eval for cifar100_resnet18_pgd_at_none_test. Log saved to logs/eval_20260501_202956/cifar100_resnet18_pgd_at_none_test_eval.out
==================================================
[2026-05-01 20:33:21] Starting eval for: cifar100_wrn34_10_mart_none_test on GPU 5
Latest seed path : /home/xq/projects/BitCons-AT/outputs/cifar100_wrn34_10_mart_none_test/seed_4243_20260501_032305
==================================================
[2026-05-01 20:33:21] Starting eval for: cifar100_wrn34_10_pgd_at_none_test on GPU 6
Latest seed path : /home/xq/projects/BitCons-AT/outputs/cifar100_wrn34_10_pgd_at_none_test/seed_4243_20260501_025504
[2026-05-01 20:33:22] Finished eval for cifar100_resnet18_trades_none_test. Log saved to logs/eval_20260501_202956/cifar100_resnet18_trades_none_test_eval.out
[2026-05-01 20:33:24] Finished eval for cifar100_preactresnet18_trades_none_test. Log saved to logs/eval_20260501_202956/cifar100_preactresnet18_trades_none_test_eval.out
==================================================
[2026-05-01 20:33:26] Starting eval for: cifar100_wrn34_10_rpat_none_test on GPU 3
Latest seed path : /home/xq/projects/BitCons-AT/outputs/cifar100_wrn34_10_rpat_none_test/seed_4243_20260501_045746
==================================================
[2026-05-01 20:33:26] Starting eval for: cifar100_wrn34_10_trades_none_test on GPU 7
Latest seed path : /home/xq/projects/BitCons-AT/outputs/cifar100_wrn34_10_trades_none_test/seed_4243_20260501_030444
[2026-05-01 20:45:12] Scanning /home/xq/projects/BitCons-AT/outputs for experiment outputs...
==================================================
[2026-05-01 20:45:12] Starting eval for: cifar100_preactresnet18_mart_none_test on GPU 0
Latest seed path : /home/xq/projects/BitCons-AT/outputs/cifar100_preactresnet18_mart_none_test/seed_4243_20260501_122250
==================================================
[2026-05-01 20:45:12] Starting eval for: cifar100_preactresnet18_pgd_at_none_test on GPU 1
==================================================
Latest seed path : /home/xq/projects/BitCons-AT/outputs/cifar100_preactresnet18_pgd_at_none_test/seed_4243_20260501_104749
[2026-05-01 20:45:12] Starting eval for: cifar100_preactresnet18_rpat_none_test on GPU 2
Latest seed path : /home/xq/projects/BitCons-AT/outputs/cifar100_preactresnet18_rpat_none_test/seed_4243_20260501_124750
==================================================
[2026-05-01 20:45:12] Starting eval for: cifar100_preactresnet18_trades_none_test on GPU 3
Latest seed path : /home/xq/projects/BitCons-AT/outputs/cifar100_preactresnet18_trades_none_test/seed_4243_20260501_114209
==================================================
[2026-05-01 20:45:12] Starting eval for: cifar100_resnet18_mart_none_test on GPU 4
Latest seed path : /home/xq/projects/BitCons-AT/outputs/cifar100_resnet18_mart_none_test/seed_4243_20260501_000813
==================================================
[2026-05-01 20:45:12] Starting eval for: cifar100_resnet18_pgd_at_none_test on GPU 5
Latest seed path : /home/xq/projects/BitCons-AT/outputs/cifar100_resnet18_pgd_at_none_test/seed_4243_20260430_232303
==================================================
[2026-05-01 20:45:12] Starting eval for: cifar100_resnet18_rpat_none_test on GPU 6
==================================================
Latest seed path : /home/xq/projects/BitCons-AT/outputs/cifar100_resnet18_rpat_none_test/seed_4243_20260501_003853
[2026-05-01 20:45:12] Starting eval for: cifar100_resnet18_trades_none_test on GPU 7
Latest seed path : /home/xq/projects/BitCons-AT/outputs/cifar100_resnet18_trades_none_test/seed_4243_20260430_234853
[2026-05-01 21:06:29] Finished eval for cifar100_preactresnet18_pgd_at_none_test. Log saved to logs/eval_20260501_204512/cifar100_preactresnet18_pgd_at_none_test_eval.out
==================================================
[2026-05-01 21:06:32] Starting eval for: cifar100_wrn28_10_mart_none_test on GPU 1
Latest seed path : /home/xq/projects/BitCons-AT/outputs/cifar100_wrn28_10_mart_none_test/seed_4243_20260501_015344
[2026-05-01 21:06:38] Finished eval for cifar100_preactresnet18_rpat_none_test. Log saved to logs/eval_20260501_204512/cifar100_preactresnet18_rpat_none_test_eval.out
==================================================
[2026-05-01 21:06:42] Starting eval for: cifar100_wrn28_10_pgd_at_none_test on GPU 2
Latest seed path : /home/xq/projects/BitCons-AT/outputs/cifar100_wrn28_10_pgd_at_none_test/seed_4243_20260501_012714
[2026-05-01 21:06:49] Finished eval for cifar100_preactresnet18_mart_none_test. Log saved to logs/eval_20260501_204512/cifar100_preactresnet18_mart_none_test_eval.out
[2026-05-01 21:06:51] Finished eval for cifar100_preactresnet18_trades_none_test. Log saved to logs/eval_20260501_204512/cifar100_preactresnet18_trades_none_test_eval.out
==================================================
[2026-05-01 21:06:52] Starting eval for: cifar100_wrn28_10_rpat_none_test on GPU 0
Latest seed path : /home/xq/projects/BitCons-AT/outputs/cifar100_wrn28_10_rpat_none_test/seed_4243_20260501_022244
==================================================
[2026-05-01 21:06:52] Starting eval for: cifar100_wrn28_10_trades_none_test on GPU 3
Latest seed path : /home/xq/projects/BitCons-AT/outputs/cifar100_wrn28_10_trades_none_test/seed_4243_20260501_013944
[2026-05-01 21:07:06] Finished eval for cifar100_resnet18_rpat_none_test. Log saved to logs/eval_20260501_204512/cifar100_resnet18_rpat_none_test_eval.out
==================================================
[2026-05-01 21:07:07] Starting eval for: cifar100_wrn34_10_mart_none_test on GPU 6
Latest seed path : /home/xq/projects/BitCons-AT/outputs/cifar100_wrn34_10_mart_none_test/seed_4243_20260501_032305
[2026-05-01 21:07:17] Finished eval for cifar100_resnet18_pgd_at_none_test. Log saved to logs/eval_20260501_204512/cifar100_resnet18_pgd_at_none_test_eval.out
==================================================
[2026-05-01 21:07:17] Starting eval for: cifar100_wrn34_10_pgd_at_none_test on GPU 5
Latest seed path : /home/xq/projects/BitCons-AT/outputs/cifar100_wrn34_10_pgd_at_none_test/seed_4243_20260501_025504
[2026-05-01 21:07:26] Finished eval for cifar100_resnet18_trades_none_test. Log saved to logs/eval_20260501_204512/cifar100_resnet18_trades_none_test_eval.out
==================================================
[2026-05-01 21:07:27] Starting eval for: cifar100_wrn34_10_rpat_none_test on GPU 7
Latest seed path : /home/xq/projects/BitCons-AT/outputs/cifar100_wrn34_10_rpat_none_test/seed_4243_20260501_045746
[2026-05-01 21:07:50] Finished eval for cifar100_resnet18_mart_none_test. Log saved to logs/eval_20260501_204512/cifar100_resnet18_mart_none_test_eval.out
==================================================
[2026-05-01 21:07:52] Starting eval for: cifar100_wrn34_10_trades_none_test on GPU 4
Latest seed path : /home/xq/projects/BitCons-AT/outputs/cifar100_wrn34_10_trades_none_test/seed_4243_20260501_030444
[2026-05-01 22:46:33] Finished eval for cifar100_wrn28_10_trades_none_test. Log saved to logs/eval_20260501_204512/cifar100_wrn28_10_trades_none_test_eval.out
==================================================
[2026-05-01 22:46:34] Starting eval for: cifar10_preactresnet18_mart_none_test on GPU 3
Latest seed path : /home/xq/projects/BitCons-AT/outputs/cifar10_preactresnet18_mart_none_test/seed_4243_20260430_222602
[2026-05-01 22:56:49] Finished eval for cifar100_wrn28_10_pgd_at_none_test. Log saved to logs/eval_20260501_204512/cifar100_wrn28_10_pgd_at_none_test_eval.out
==================================================
[2026-05-01 22:56:49] Starting eval for: cifar10_preactresnet18_pgd_at_none_test on GPU 2
Latest seed path : /home/xq/projects/BitCons-AT/outputs/cifar10_preactresnet18_pgd_at_none_test/seed_4243_20260430_211652
[2026-05-01 22:58:51] Finished eval for cifar100_wrn28_10_mart_none_test. Log saved to logs/eval_20260501_204512/cifar100_wrn28_10_mart_none_test_eval.out
==================================================
[2026-05-01 22:58:54] Starting eval for: cifar10_preactresnet18_rpat_none_test on GPU 1
Latest seed path : /home/xq/projects/BitCons-AT/outputs/cifar10_preactresnet18_rpat_none_test/seed_4243_20260430_231623
[2026-05-01 22:59:00] Finished eval for cifar100_wrn28_10_rpat_none_test. Log saved to logs/eval_20260501_204512/cifar100_wrn28_10_rpat_none_test_eval.out
==================================================
[2026-05-01 22:59:04] Starting eval for: cifar10_preactresnet18_trades_none_test on GPU 0
Latest seed path : /home/xq/projects/BitCons-AT/outputs/cifar10_preactresnet18_trades_none_test/seed_4243_20260430_220502
[2026-05-01 23:21:32] Finished eval for cifar100_wrn34_10_rpat_none_test. Log saved to logs/eval_20260501_204512/cifar100_wrn34_10_rpat_none_test_eval.out
==================================================
[2026-05-01 23:21:35] Starting eval for: cifar10_resnet18_mart_none_test on GPU 7
Latest seed path : /home/xq/projects/BitCons-AT/outputs/cifar10_resnet18_mart_none_test/seed_4243_20260430_115548
[2026-05-01 23:22:37] Finished eval for cifar100_wrn34_10_pgd_at_none_test. Log saved to logs/eval_20260501_204512/cifar100_wrn34_10_pgd_at_none_test_eval.out
==================================================
[2026-05-01 23:22:40] Starting eval for: cifar10_resnet18_pgd_at_none_test on GPU 5
Latest seed path : /home/xq/projects/BitCons-AT/outputs/cifar10_resnet18_pgd_at_none_test/seed_4243_20260430_115548
[2026-05-01 23:24:02] Finished eval for cifar100_wrn34_10_trades_none_test. Log saved to logs/eval_20260501_204512/cifar100_wrn34_10_trades_none_test_eval.out
==================================================
[2026-05-01 23:24:05] Starting eval for: cifar10_resnet18_rpat_none_test on GPU 4
Latest seed path : /home/xq/projects/BitCons-AT/outputs/cifar10_resnet18_rpat_none_test/seed_4243_20260430_115548
[2026-05-01 23:25:51] Finished eval for cifar100_wrn34_10_mart_none_test. Log saved to logs/eval_20260501_204512/cifar100_wrn34_10_mart_none_test_eval.out
==================================================
[2026-05-01 23:25:55] Starting eval for: cifar10_resnet18_trades_none_test on GPU 6
Latest seed path : /home/xq/projects/BitCons-AT/outputs/cifar10_resnet18_trades_none_test/seed_4243_20260430_115548
[2026-05-01 23:25:58] Finished eval for cifar10_resnet18_trades_none_test. Log saved to logs/eval_20260501_204512/cifar10_resnet18_trades_none_test_eval.out
==================================================
[2026-05-01 23:26:00] Starting eval for: cifar10_wrn28_10_mart_none_test on GPU 6
Latest seed path : /home/xq/projects/BitCons-AT/outputs/cifar10_wrn28_10_mart_none_test/seed_4243_20260430_115548
[2026-05-01 23:26:05] Finished eval for cifar10_preactresnet18_mart_none_test. Log saved to logs/eval_20260501_204512/cifar10_preactresnet18_mart_none_test_eval.out
==================================================
[2026-05-01 23:26:10] Starting eval for: cifar10_wrn28_10_pgd_at_none_test on GPU 3
Latest seed path : /home/xq/projects/BitCons-AT/outputs/cifar10_wrn28_10_pgd_at_none_test/seed_4243_20260430_115548
[2026-05-01 23:35:43] Finished eval for cifar10_preactresnet18_pgd_at_none_test. Log saved to logs/eval_20260501_204512/cifar10_preactresnet18_pgd_at_none_test_eval.out
==================================================
[2026-05-01 23:35:45] Starting eval for: cifar10_wrn28_10_rpat_none_test on GPU 2
Latest seed path : /home/xq/projects/BitCons-AT/outputs/cifar10_wrn28_10_rpat_none_test/seed_4243_20260430_115548
[2026-05-01 23:37:53] Finished eval for cifar10_preactresnet18_rpat_none_test. Log saved to logs/eval_20260501_204512/cifar10_preactresnet18_rpat_none_test_eval.out
==================================================
[2026-05-01 23:37:55] Starting eval for: cifar10_wrn28_10_trades_none_test on GPU 1
Latest seed path : /home/xq/projects/BitCons-AT/outputs/cifar10_wrn28_10_trades_none_test/seed_4243_20260430_115548
[2026-05-01 23:39:22] Finished eval for cifar10_preactresnet18_trades_none_test. Log saved to logs/eval_20260501_204512/cifar10_preactresnet18_trades_none_test_eval.out
==================================================
[2026-05-01 23:39:25] Starting eval for: cifar10_wrn34_10_mart_none_test on GPU 0
Latest seed path : /home/xq/projects/BitCons-AT/outputs/cifar10_wrn34_10_mart_none_test/seed_4243_20260430_141518
[2026-05-02 00:01:46] Finished eval for cifar10_resnet18_mart_none_test. Log saved to logs/eval_20260501_204512/cifar10_resnet18_mart_none_test_eval.out
==================================================
[2026-05-02 00:01:51] Starting eval for: cifar10_wrn34_10_pgd_at_none_test on GPU 7
Latest seed path : /home/xq/projects/BitCons-AT/outputs/cifar10_wrn34_10_pgd_at_none_test/seed_4243_20260430_120037
[2026-05-02 00:02:16] Finished eval for cifar10_resnet18_pgd_at_none_test. Log saved to logs/eval_20260501_204512/cifar10_resnet18_pgd_at_none_test_eval.out
==================================================
[2026-05-02 00:02:21] Starting eval for: cifar10_wrn34_10_rpat_none_test on GPU 5
Latest seed path : /home/xq/projects/BitCons-AT/outputs/cifar10_wrn34_10_rpat_none_test/seed_4243_20260430_143818
[2026-05-02 00:04:05] Finished eval for cifar10_resnet18_rpat_none_test. Log saved to logs/eval_20260501_204512/cifar10_resnet18_rpat_none_test_eval.out
==================================================
[2026-05-02 00:04:06] 所有任务已分配完毕，等待后台任务执行结束...
[2026-05-02 00:04:06] Starting eval for: cifar10_wrn34_10_trades_none_test on GPU 4
Latest seed path : /home/xq/projects/BitCons-AT/outputs/cifar10_wrn34_10_trades_none_test/seed_4243_20260430_140408
[2026-05-02 02:36:38] Finished eval for cifar10_wrn28_10_mart_none_test. Log saved to logs/eval_20260501_204512/cifar10_wrn28_10_mart_none_test_eval.out
[2026-05-02 02:37:22] Finished eval for cifar10_wrn28_10_pgd_at_none_test. Log saved to logs/eval_20260501_204512/cifar10_wrn28_10_pgd_at_none_test_eval.out
[2026-05-02 02:47:46] Finished eval for cifar10_wrn28_10_rpat_none_test. Log saved to logs/eval_20260501_204512/cifar10_wrn28_10_rpat_none_test_eval.out
[2026-05-02 02:56:27] Finished eval for cifar10_wrn28_10_trades_none_test. Log saved to logs/eval_20260501_204512/cifar10_wrn28_10_trades_none_test_eval.out
[2026-05-02 03:40:44] Finished eval for cifar10_wrn34_10_mart_none_test. Log saved to logs/eval_20260501_204512/cifar10_wrn34_10_mart_none_test_eval.out
[2026-05-02 04:01:18] Finished eval for cifar10_wrn34_10_rpat_none_test. Log saved to logs/eval_20260501_204512/cifar10_wrn34_10_rpat_none_test_eval.out
[2026-05-02 04:03:01] Finished eval for cifar10_wrn34_10_pgd_at_none_test. Log saved to logs/eval_20260501_204512/cifar10_wrn34_10_pgd_at_none_test_eval.out
[2026-05-02 04:06:42] Finished eval for cifar10_wrn34_10_trades_none_test. Log saved to logs/eval_20260501_204512/cifar10_wrn34_10_trades_none_test_eval.out
==================================================
[2026-05-02 04:06:42] All queued evaluation tasks have been completed.
[2026-05-03 03:14:02] Scanning /home/xq/projects/outputs for experiment outputs...
==================================================
[2026-05-03 03:14:02] Starting eval for: cifar10_preactresnet18_mart_none_test on GPU 0
Latest seed path : /home/xq/projects/outputs/cifar10_preactresnet18_mart_none_test/seed_4242_20260428_090222
==================================================
[2026-05-03 03:14:02] Starting eval for: cifar10_preactresnet18_pgd_at_none_test on GPU 1
Latest seed path : /home/xq/projects/outputs/cifar10_preactresnet18_pgd_at_none_test/seed_4242_20260428_031344
==================================================
[2026-05-03 03:14:02] Starting eval for: cifar10_preactresnet18_rpat_none_test on GPU 2
Latest seed path : /home/xq/projects/outputs/cifar10_preactresnet18_rpat_none_test/seed_4242_20260428_102624
==================================================
[2026-05-03 03:14:02] Starting eval for: cifar10_preactresnet18_trades_none_test on GPU 3
Latest seed path : /home/xq/projects/outputs/cifar10_preactresnet18_trades_none_test/seed_4242_20260428_082401
==================================================
[2026-05-03 03:14:02] Starting eval for: cifar10_resnet18_mart_none_test on GPU 4
Latest seed path : /home/xq/projects/outputs/cifar10_resnet18_mart_none_test/seed_4242_20260424_142814
==================================================
[2026-05-03 03:14:02] Starting eval for: cifar10_resnet18_pgd_at_none_test on GPU 5
Latest seed path : /home/xq/projects/outputs/cifar10_resnet18_pgd_at_none_test/seed_4242_20260424_142814
==================================================
[2026-05-03 03:14:02] Starting eval for: cifar10_resnet18_rpat_none_test on GPU 6
Latest seed path : /home/xq/projects/outputs/cifar10_resnet18_rpat_none_test/seed_4242_20260424_142814
==================================================
[2026-05-03 03:14:02] Starting eval for: cifar10_resnet18_trades_none_test on GPU 7
Latest seed path : /home/xq/projects/outputs/cifar10_resnet18_trades_none_test/seed_4242_20260424_142814
[2026-05-03 03:47:26] Finished eval for cifar10_preactresnet18_trades_none_test. Log saved to logs/eval_adv_20260503_031402/cifar10_preactresnet18_trades_none_test_eval.out
==================================================
[2026-05-03 03:47:27] Starting eval for: cifar10_wrn28_10_mart_none_test on GPU 3
Latest seed path : /home/xq/projects/outputs/cifar10_wrn28_10_mart_none_test/seed_4242_20260425_002515
[2026-05-03 03:47:34] Finished eval for cifar10_preactresnet18_rpat_none_test. Log saved to logs/eval_adv_20260503_031402/cifar10_preactresnet18_rpat_none_test_eval.out
==================================================
[2026-05-03 03:47:37] Starting eval for: cifar10_wrn28_10_pgd_at_none_test on GPU 2
Latest seed path : /home/xq/projects/outputs/cifar10_wrn28_10_pgd_at_none_test/seed_4242_20260425_002514
[2026-05-03 03:48:40] Finished eval for cifar10_resnet18_rpat_none_test. Log saved to logs/eval_adv_20260503_031402/cifar10_resnet18_rpat_none_test_eval.out
==================================================
[2026-05-03 03:48:42] Starting eval for: cifar10_wrn28_10_rpat_none_test on GPU 6
Latest seed path : /home/xq/projects/outputs/cifar10_wrn28_10_rpat_none_test/seed_4242_20260425_002514
[2026-05-03 03:49:27] Finished eval for cifar10_resnet18_trades_none_test. Log saved to logs/eval_adv_20260503_031402/cifar10_resnet18_trades_none_test_eval.out
==================================================
[2026-05-03 03:49:27] Starting eval for: cifar10_wrn28_10_trades_none_test on GPU 7
Latest seed path : /home/xq/projects/outputs/cifar10_wrn28_10_trades_none_test/seed_4242_20260425_002515
[2026-05-03 03:49:28] Finished eval for cifar10_preactresnet18_pgd_at_none_test. Log saved to logs/eval_adv_20260503_031402/cifar10_preactresnet18_pgd_at_none_test_eval.out
==================================================
[2026-05-03 03:49:32] Starting eval for: cifar10_wrn34_10_mart_none_test on GPU 1
Latest seed path : /home/xq/projects/outputs/cifar10_wrn34_10_mart_none_test/seed_4242_20260426_123513
[2026-05-03 03:49:50] Finished eval for cifar10_resnet18_pgd_at_none_test. Log saved to logs/eval_adv_20260503_031402/cifar10_resnet18_pgd_at_none_test_eval.out
==================================================
[2026-05-03 03:49:52] Starting eval for: cifar10_wrn34_10_pgd_at_none_test on GPU 5
Latest seed path : /home/xq/projects/outputs/cifar10_wrn34_10_pgd_at_none_test/seed_4242_20260426_100020
[2026-05-03 03:49:52] Finished eval for cifar10_preactresnet18_mart_none_test. Log saved to logs/eval_adv_20260503_031402/cifar10_preactresnet18_mart_none_test_eval.out
==================================================
[2026-05-03 03:49:57] Starting eval for: cifar10_wrn34_10_rpat_none_test on GPU 0
Latest seed path : /home/xq/projects/outputs/cifar10_wrn34_10_rpat_none_test/seed_4242_20260426_142145
[2026-05-03 03:50:14] Finished eval for cifar10_resnet18_mart_none_test. Log saved to logs/eval_adv_20260503_031402/cifar10_resnet18_mart_none_test_eval.out
==================================================
[2026-05-03 03:50:17] 所有任务已分配完毕，等待后台任务执行结束...
[2026-05-03 03:50:17] Starting eval for: cifar10_wrn34_10_trades_none_test on GPU 4
Latest seed path : /home/xq/projects/outputs/cifar10_wrn34_10_trades_none_test/seed_4242_20260426_122113
[2026-05-03 06:26:07] Finished eval for cifar10_wrn28_10_rpat_none_test. Log saved to logs/eval_adv_20260503_031402/cifar10_wrn28_10_rpat_none_test_eval.out
[2026-05-03 06:29:30] Finished eval for cifar10_wrn28_10_trades_none_test. Log saved to logs/eval_adv_20260503_031402/cifar10_wrn28_10_trades_none_test_eval.out
[2026-05-03 06:34:03] Finished eval for cifar10_wrn28_10_mart_none_test. Log saved to logs/eval_adv_20260503_031402/cifar10_wrn28_10_mart_none_test_eval.out
[2026-05-03 06:35:07] Finished eval for cifar10_wrn28_10_pgd_at_none_test. Log saved to logs/eval_adv_20260503_031402/cifar10_wrn28_10_pgd_at_none_test_eval.out
[2026-05-03 07:08:43] Finished eval for cifar10_wrn34_10_trades_none_test. Log saved to logs/eval_adv_20260503_031402/cifar10_wrn34_10_trades_none_test_eval.out
[2026-05-03 07:15:10] Finished eval for cifar10_wrn34_10_rpat_none_test. Log saved to logs/eval_adv_20260503_031402/cifar10_wrn34_10_rpat_none_test_eval.out
[2026-05-03 07:18:03] Finished eval for cifar10_wrn34_10_pgd_at_none_test. Log saved to logs/eval_adv_20260503_031402/cifar10_wrn34_10_pgd_at_none_test_eval.out
[2026-05-03 07:20:16] Finished eval for cifar10_wrn34_10_mart_none_test. Log saved to logs/eval_adv_20260503_031402/cifar10_wrn34_10_mart_none_test_eval.out
==================================================
[2026-05-03 07:20:16] All queued evaluation tasks have been completed.
[2026-05-05 11:26:18] Scanning /home/xq/projects/BitCons-AT/bitoutputs for experiment outputs...
==================================================
[2026-05-05 11:26:18] Starting eval for: cifar100_resnet18_mart_none_test012 on GPU 0
Latest seed path : /home/xq/projects/BitCons-AT/bitoutputs/cifar100_resnet18_mart_none_test012/seed_4243_20260504_153429
==================================================
[2026-05-05 11:26:18] Starting eval for: cifar100_resnet18_pgd_at_none_test012 on GPU 1
Latest seed path : /home/xq/projects/BitCons-AT/bitoutputs/cifar100_resnet18_pgd_at_none_test012/seed_4243_20260504_153429
==================================================
[2026-05-05 11:26:18] Starting eval for: cifar100_resnet18_rpat_none_test012 on GPU 2
Latest seed path : /home/xq/projects/BitCons-AT/bitoutputs/cifar100_resnet18_rpat_none_test012/seed_4243_20260504_153429
==================================================
[2026-05-05 11:26:18] Starting eval for: cifar100_resnet18_trades_none_test012 on GPU 3
Latest seed path : /home/xq/projects/BitCons-AT/bitoutputs/cifar100_resnet18_trades_none_test012/seed_4243_20260504_153429
==================================================
[2026-05-05 11:26:18] Starting eval for: cifar10_resnet18_mart_none_test012 on GPU 4
Latest seed path : /home/xq/projects/BitCons-AT/bitoutputs/cifar10_resnet18_mart_none_test012/seed_4243_20260504_153429
==================================================
[2026-05-05 11:26:18] Starting eval for: cifar10_resnet18_pgd_at_none_test012 on GPU 5
Latest seed path : /home/xq/projects/BitCons-AT/bitoutputs/cifar10_resnet18_pgd_at_none_test012/seed_4243_20260504_153429
==================================================
[2026-05-05 11:26:18] Starting eval for: cifar10_resnet18_rpat_none_test012 on GPU 6
Latest seed path : /home/xq/projects/BitCons-AT/bitoutputs/cifar10_resnet18_rpat_none_test012/seed_4243_20260504_153429
==================================================
[2026-05-05 11:26:18] 所有任务已分配完毕，等待后台任务执行结束...
[2026-05-05 11:26:18] Starting eval for: cifar10_resnet18_trades_none_test012 on GPU 7
Latest seed path : /home/xq/projects/BitCons-AT/bitoutputs/cifar10_resnet18_trades_none_test012/seed_4243_20260504_153429
[2026-05-05 11:48:33] Finished eval for cifar100_resnet18_rpat_none_test012. Log saved to logs/eval_adv_20260505_112618/cifar100_resnet18_rpat_none_test012_eval.out
[2026-05-05 11:48:49] Finished eval for cifar100_resnet18_trades_none_test012. Log saved to logs/eval_adv_20260505_112618/cifar100_resnet18_trades_none_test012_eval.out
[2026-05-05 11:48:54] Finished eval for cifar100_resnet18_pgd_at_none_test012. Log saved to logs/eval_adv_20260505_112618/cifar100_resnet18_pgd_at_none_test012_eval.out
[2026-05-05 11:48:59] Finished eval for cifar100_resnet18_mart_none_test012. Log saved to logs/eval_adv_20260505_112618/cifar100_resnet18_mart_none_test012_eval.out
[2026-05-05 12:06:22] Finished eval for cifar10_resnet18_mart_none_test012. Log saved to logs/eval_adv_20260505_112618/cifar10_resnet18_mart_none_test012_eval.out
[2026-05-05 12:06:58] Finished eval for cifar10_resnet18_pgd_at_none_test012. Log saved to logs/eval_adv_20260505_112618/cifar10_resnet18_pgd_at_none_test012_eval.out
[2026-05-05 12:07:15] Finished eval for cifar10_resnet18_rpat_none_test012. Log saved to logs/eval_adv_20260505_112618/cifar10_resnet18_rpat_none_test012_eval.out
[2026-05-05 12:07:34] Finished eval for cifar10_resnet18_trades_none_test012. Log saved to logs/eval_adv_20260505_112618/cifar10_resnet18_trades_none_test012_eval.out
==================================================
[2026-05-05 12:07:34] All queued evaluation tasks have been completed.
[2026-05-05 14:51:29] Scanning /home/xq/projects/BitCons-AT/withoutbit for experiment outputs...
==================================================
[2026-05-05 14:51:29] Starting eval for: cifar100_resnet18_mart_none_test on GPU 0
Latest seed path : /home/xq/projects/BitCons-AT/withoutbit/cifar100_resnet18_mart_none_test/seed_4243_20260505_001636
==================================================
[2026-05-05 14:51:29] Starting eval for: cifar100_resnet18_pgd_at_none_test on GPU 1
==================================================
Latest seed path : /home/xq/projects/BitCons-AT/withoutbit/cifar100_resnet18_pgd_at_none_test/seed_4243_20260505_001636
[2026-05-05 14:51:29] Starting eval for: cifar100_resnet18_rpat_none_test on GPU 2
Latest seed path : /home/xq/projects/BitCons-AT/withoutbit/cifar100_resnet18_rpat_none_test/seed_4243_20260505_001636
==================================================
[2026-05-05 14:51:29] Starting eval for: cifar100_resnet18_trades_none_test on GPU 3
Latest seed path : /home/xq/projects/BitCons-AT/withoutbit/cifar100_resnet18_trades_none_test/seed_4243_20260505_001636
==================================================
[2026-05-05 14:51:29] Starting eval for: cifar10_resnet18_mart_none_test on GPU 4
Latest seed path : /home/xq/projects/BitCons-AT/withoutbit/cifar10_resnet18_mart_none_test/seed_4243_20260505_001636
==================================================
[2026-05-05 14:51:29] Starting eval for: cifar10_resnet18_pgd_at_none_test on GPU 5
Latest seed path : /home/xq/projects/BitCons-AT/withoutbit/cifar10_resnet18_pgd_at_none_test/seed_4243_20260505_001636
==================================================
[2026-05-05 14:51:29] Starting eval for: cifar10_resnet18_rpat_none_test on GPU 6
Latest seed path : /home/xq/projects/BitCons-AT/withoutbit/cifar10_resnet18_rpat_none_test/seed_4243_20260505_001636
==================================================
[2026-05-05 14:51:29] 所有任务已分配完毕，等待后台任务执行结束...
[2026-05-05 14:51:29] Starting eval for: cifar10_resnet18_trades_none_test on GPU 7
Latest seed path : /home/xq/projects/BitCons-AT/withoutbit/cifar10_resnet18_trades_none_test/seed_4243_20260505_001636
[2026-05-05 15:13:35] Finished eval for cifar100_resnet18_mart_none_test. Log saved to logs/eval_20260505_145129/cifar100_resnet18_mart_none_test_eval.out
[2026-05-05 15:13:41] Finished eval for cifar100_resnet18_pgd_at_none_test. Log saved to logs/eval_20260505_145129/cifar100_resnet18_pgd_at_none_test_eval.out
[2026-05-05 15:13:44] Finished eval for cifar100_resnet18_rpat_none_test. Log saved to logs/eval_20260505_145129/cifar100_resnet18_rpat_none_test_eval.out
[2026-05-05 15:13:51] Finished eval for cifar100_resnet18_trades_none_test. Log saved to logs/eval_20260505_145129/cifar100_resnet18_trades_none_test_eval.out
[2026-05-05 15:30:57] Finished eval for cifar10_resnet18_rpat_none_test. Log saved to logs/eval_20260505_145129/cifar10_resnet18_rpat_none_test_eval.out
[2026-05-05 15:31:33] Finished eval for cifar10_resnet18_mart_none_test. Log saved to logs/eval_20260505_145129/cifar10_resnet18_mart_none_test_eval.out
[2026-05-05 15:31:49] Finished eval for cifar10_resnet18_trades_none_test. Log saved to logs/eval_20260505_145129/cifar10_resnet18_trades_none_test_eval.out
[2026-05-05 15:31:51] Finished eval for cifar10_resnet18_pgd_at_none_test. Log saved to logs/eval_20260505_145129/cifar10_resnet18_pgd_at_none_test_eval.out
==================================================
[2026-05-05 15:31:51] All queued evaluation tasks have been completed.
